// Jest Snapshot v1, https://goo.gl/fbAQLP

exports[`Pruebas en FirstApp should show <FirstApp/> 1`] = `
<Fragment>
  <h1>
     
    Hello World
     
  </h1>
  <h5>
    Juanf
  </h5>
</Fragment>
`;
